// tc-0034
U = { size: 32, alignment: 32 }union {
    { offset: 0, size: 32 }l { size: 32, alignment: 32 }int,
    { offset: 0, size: 8 }c { size: 8, alignment: 8 }char,
}
// hash: 9483e3b60409e5ab
