// SPDX-License-Identifier: GPL-3.0-or-later
A = { size: 56, alignment: 8 }@attr_packed struct {
    { offset: 0, size: 8 }c { size: 8, alignment: 8 }char,
    { offset: 16, size: 1 }@align(2) i { size: 32, alignment: 32 }int:1,
    { offset: 48, size: 8 }d { size: 8, alignment: 8 }char,
}

B = { size: 56, alignment: 8 }struct {
    { offset: 0, size: 8 }c { size: 8, alignment: 8 }char,
    { offset: 16, size: 1 }@align(2) @attr_packed i { size: 32, alignment: 32 }int:1,
    { offset: 48, size: 8 }d { size: 8, alignment: 8 }char,
}

C = { size: 8, alignment: 8 }@attr_packed union {
    { offset: 0, size: 8 }c { size: 8, alignment: 8 }char,
    { offset: 0, size: 1 }@align(2) i { size: 32, alignment: 32 }int:1,
    { offset: 0, size: 8 }d { size: 8, alignment: 8 }char,
}

D = { size: 8, alignment: 8 }union {
    { offset: 0, size: 8 }c { size: 8, alignment: 8 }char,
    { offset: 0, size: 1 }@align(2) @attr_packed i { size: 32, alignment: 32 }int:1,
    { offset: 0, size: 8 }d { size: 8, alignment: 8 }char,
}
// hash: e79b65728d8191d3
