// SPDX-License-Identifier: GPL-3.0-or-later
A = { size: 8, alignment: 8 }union {
    _ { size: 64, alignment: 64 }long:0,
    { offset: 0, size: 1 }a { size: 8, alignment: 8 }char:1,
}

B = { size: 8, alignment: 8 }union {
    { offset: 0, size: 1 }a { size: 8, alignment: 8 }char:1,
    _ { size: 64, alignment: 64 }long:0,
}
// hash: 2ae240781154486e
