A = { size: 64, alignment: 1024 }struct {
    { offset: 0, size: 1 }@align(128) i { size: 32, alignment: 32 }int:1,
}

B = { size: 64, alignment: 64 }struct {
    { offset: 0, size: 64 }a { size: 64, alignment: 1024 }A,
}

C = { size: 64, alignment: 32 }@pragma_pack(4) struct {
    { offset: 0, size: 64 }a { size: 64, alignment: 1024 }A,
}

D = { size: 64, alignment: 64 }@pragma_pack(8) struct {
    { offset: 0, size: 64 }a { size: 64, alignment: 1024 }A,
}

E = { size: 1024, alignment: 1024 }@pragma_pack(16) struct {
    { offset: 0, size: 64 }a { size: 64, alignment: 1024 }A,
}

F = { size: 64, alignment: 64 }@pragma_pack(32) struct {
    { offset: 0, size: 64 }a { size: 64, alignment: 1024 }A,
}
// hash: 6baebe941c6dca21
