S = { size: 40, alignment: 8 }struct {
    { offset: 0, size: 1 }c { size: 8, alignment: 8 }char:1,
    _ { size: 32, alignment: 32 }int:0,
    { offset: 32, size: 8 }d { size: 8, alignment: 8 }char,
}
// hash: 812112c764ffc4ca
