// SPDX-License-Identifier: GPL-3.0-or-later
X = { size: 16, alignment: 8 }struct {
    { offset: 0, size: 1 }c { size: 8, alignment: 8 }char:1,
    @attr_packed _ { size: 16, alignment: 8 }int:0,
    { offset: 8, size: 8 }d { size: 8, alignment: 8 }char,
}

Y = { size: 16, alignment: 8 }struct {
    { offset: 0, size: 1 }c { size: 8, alignment: 8 }char:1,
    _ { size: 16, alignment: 8 }int:0,
    { offset: 8, size: 8 }d { size: 8, alignment: 8 }char,
}
// hash: 1d134f72eb80ce50
