// tc-0026
X = { size: 0, alignment: 32 }struct {
    { offset: 0, size: 0 }@align(2) b { size: 0, alignment: 32 }[]{ size: 64, alignment: 64 }long long,
}
Y = { size: 0, alignment: 64 }struct {
    { offset: 0, size: 0 }@align(8) b { size: 0, alignment: 32 }[]{ size: 64, alignment: 64 }long long,
}
// hash: 7ae15ae91008e135
