S = { size: 16, alignment: 8 }@pragma_pack(1) struct {
    { offset: 0, size: 8 }c { size: 8, alignment: 8 }char,
    _ { size: 16, alignment: 8 }int:1,
}
// hash: a596d5a3e65e973f
