A = { size: 16, alignment: 8 }struct {
    { offset: 0, size: 8 }c { size: 8, alignment: 8 }char,
    _ { size: 32, alignment: 32 }int:1,
}

B = { size: 16, alignment: 8 }@pragma_pack(1) struct {
    { offset: 0, size: 8 }c { size: 8, alignment: 8 }char,
    _ { size: 32, alignment: 32 }int:1,
}

C = { size: 16, alignment: 8 }@pragma_pack(1) struct {
    { offset: 0, size: 8 }c { size: 8, alignment: 8 }char,
    @align(8) _ { size: 32, alignment: 32 }int:1,
}
// hash: f482cf6704e928fb
