Int = { size: 16, alignment: 64 }@align(8) typedef { size: 16, alignment: 8 }int

X = { size: 8, alignment: 8 }struct {
    { offset: 0, size: 1 }i { size: 16, alignment: 8 }int:1,
    { offset: 1, size: 1 }j { size: 16, alignment: 64 }Int:1,
}
// hash: b5d3f4f3f55b4a64
