S = { size: 2048, alignment: 1024 }struct {
    { offset: 0, size: 1 }i { size: 32, alignment: 32 }unsigned int:1,
    { offset: 1024, size: 1 }@align(128) j { size: 32, alignment: 32 }long:1,
}
// hash: bceb33a9194068e
