S2 = { size: 8, alignment: 8 }@pragma_pack(1) struct {
    { offset: 0, size: 1 }@align(2) a { size: 8, alignment: 8 }char:1,
}
S4 = { size: 8, alignment: 8 }@pragma_pack(1) struct {
    { offset: 0, size: 1 }@align(4) a { size: 8, alignment: 8 }char:1,
}
S8 = { size: 8, alignment: 8 }@pragma_pack(1) struct {
    { offset: 0, size: 1 }@align(8) a { size: 8, alignment: 8 }char:1,
}
S16 = { size: 8, alignment: 8 }@pragma_pack(1) struct {
    { offset: 0, size: 1 }@align(16) a { size: 8, alignment: 8 }char:1,
}
S32 = { size: 8, alignment: 8 }@pragma_pack(1) struct {
    { offset: 0, size: 1 }@align(32) a { size: 8, alignment: 8 }char:1,
}
// hash: 9922925496384bc8
