// SPDX-License-Identifier: GPL-3.0-or-later
A = { size: 16, alignment: 8 }@pragma_pack(1) @attr_packed struct {
    { offset: 0, size: 8 }c { size: 8, alignment: 8 }char,
    _ { size: 16, alignment: 8 }int:0,
    { offset: 8, size: 8 }d { size: 8, alignment: 8 }char,
}

B = { size: 8, alignment: 8 }@pragma_pack(1) @attr_packed union {
    { offset: 0, size: 8 }c { size: 8, alignment: 8 }char,
    _ { size: 8, alignment: 8 }char:0,
    { offset: 0, size: 8 }d { size: 8, alignment: 8 }char,
}

C = { size: 256, alignment: 128 }@pragma_pack(1) @attr_packed struct {
    { offset: 0, size: 8 }c { size: 8, alignment: 8 }char,
    @align(16) _ { size: 16, alignment: 8 }int:0,
    { offset: 128, size: 8 }d { size: 8, alignment: 8 }char,
}

D = { size: 128, alignment: 128 }@pragma_pack(1) @attr_packed union {
    { offset: 0, size: 8 }c { size: 8, alignment: 8 }char,
    @align(16) _ { size: 8, alignment: 8 }char:0,
    { offset: 0, size: 8 }d { size: 8, alignment: 8 }char,
}
// hash: 417aee925b3790ac
