A = { size: 32, alignment: 32 }struct {
    { offset: 0, size: 8 }c { size: 8, alignment: 8 }char,
    { offset: 8, size: 1 }a { size: 32, alignment: 32 }int:1,
}

B = { size: 32, alignment: 32 }union {
    { offset: 0, size: 8 }c { size: 8, alignment: 8 }char,
    { offset: 0, size: 1 }a { size: 32, alignment: 32 }int:1,
}

C = { size: 32, alignment: 128 }@align(16) typedef { size: 32, alignment: 32 }int

D = { size: 256, alignment: 128 }struct {
    { offset: 0, size: 8 }c { size: 8, alignment: 8 }char,
    { offset: 128, size: 1 }a { size: 32, alignment: 128 }C:1,
}

E = { size: 128, alignment: 128 }union {
    { offset: 0, size: 8 }c { size: 8, alignment: 8 }char,
    { offset: 0, size: 1 }a { size: 32, alignment: 128 }C:1,
}
// hash: 69f7b2114819d2b7
