X = { size: 128, alignment: 128 }typedef { size: 128, alignment: 128 }i128
Y = { size: 128, alignment: 128 }typedef { size: 128, alignment: 128 }u128
// hash: 9ba3ed1a7b28cc7e
