X = { size: 64, alignment: 64, required_alignment: 64 }@align(8) struct {
    { offset: 0, size: 8 }c { size: 8, alignment: 8 }char,
}

Y = { size: 64, alignment: 64, required_alignment: 64 }@pragma_pack(1) struct {
    { offset: 0, size: 64 }x { size: 64, alignment: 64, required_alignment: 64 }X,
}
// hash: da0b5f72d52d6b4a
