E = { size: 64, alignment: 8 }@align(8) enum {
    1,
    0xffff0fffffff,
}
// hash: 892c5a7df50417bf
