A = { size: 16, alignment: 16 }enum {
    1,
}
E = { size: 64, alignment: 64 }@align(8) enum {
    1,
    0xffff_0fff_ffff,
}
// hash: 832664d3c6ca310c
